worker-cpu-1  |   File "/usr/local/lib/python3.10/dist-packages/sqlalchemy/engine/base.py", line 1846, in _execute_context
worker-cpu-1  |     return self._exec_single_context(
worker-cpu-1  |   File "/usr/local/lib/python3.10/dist-packages/sqlalchemy/engine/base.py", line 1986, in _exec_single_context
worker-cpu-1  |     self._handle_dbapi_exception(
worker-cpu-1  |   File "/usr/local/lib/python3.10/dist-packages/sqlalchemy/engine/base.py", line 2355, in _handle_dbapi_exception
worker-cpu-1  |     raise sqlalchemy_exception.with_traceback(exc_info[2]) from e
worker-cpu-1  |   File "/usr/local/lib/python3.10/dist-packages/sqlalchemy/engine/base.py", line 1967, in _exec_single_context
worker-cpu-1  |     self.dialect.do_execute(
worker-cpu-1  |   File "/usr/local/lib/python3.10/dist-packages/sqlalchemy/engine/default.py", line 941, in do_execute
worker-cpu-1  |     cursor.execute(statement, parameters)
worker-cpu-1  | sqlalchemy.exc.ProgrammingError: (psycopg2.errors.UndefinedFunction) operator does not exist: json || jsonb
worker-cpu-1  | LINE 3:             SET logs = logs || CAST('["Starting ingest for: ...
worker-cpu-1  |                                     ^
worker-cpu-1  | HINT:  No operator matches the given name and argument types. You might need to add explicit type casts.
worker-cpu-1  |
worker-cpu-1  | [SQL:
worker-cpu-1  |             UPDATE processing_jobs
worker-cpu-1  |             SET logs = logs || CAST(%(msg)s AS jsonb)
worker-cpu-1  |             WHERE id = %(jid)s
worker-cpu-1  |         ]
worker-cpu-1  | [parameters: {'msg': '["Starting ingest for: /uploads/c8f24475-6d45-420c-871e-004903db38c5_GodWithUs_Episode 102_Textless_AI TEST.mp4"]', 'jid': '8cc69cce-4073-463e-9152-f294850b4926'}]
worker-cpu-1  | (Background on this error at: https://sqlalche.me/e/20/f405)
api-1         | INFO:     172.18.0.10:57796 - "GET /api/jobs HTTP/1.1" 200 OK
frontend-1    | 192.168.0.140 - - [13/Jul/2026:13:59:07 +0000] "GET /api/jobs HTTP/1.1" 200 1066 "http://192.168.201.166:5000/jobs" "Mozilla/5.0 (Windows NT 10.0; Win64; x64) AppleWebKit/537.36 (KHTML, like Gecko) Chrome/150.0.0.0 Safari/537.36"
api-1         | INFO:     127.0.0.1:58252 - "GET /api/healthz HTTP/1.1" 200 OK
api-1         | INFO:     172.18.0.10:59368 - "GET /api/jobs HTTP/1.1" 200 OK
frontend-1    | 192.168.0.140 - - [13/Jul/2026:13:59:10 +0000] "GET /api/jobs HTTP/1.1" 200 1066 "http://192.168.201.166:5000/jobs" "Mozilla/5.0 (Windows NT 10.0; Win64; x64) AppleWebKit/537.36 (KHTML, like Gecko) Chrome/150.0.0.0 Safari/537.36"
api-1         | INFO:     172.18.0.10:59370 - "GET /api/jobs HTTP/1.1" 200 OK
frontend-1    | 192.168.0.140 - - [13/Jul/2026:13:59:13 +0000] "GET /api/jobs HTTP/1.1" 200 1066 "http://192.168.201.166:5000/jobs" "Mozilla/5.0 (Windows NT 10.0; Win64; x64) AppleWebKit/537.36 (KHTML, like Gecko) Chrome/150.0.0.0 Safari/537.36"
api-1         | INFO:     172.18.0.10:59376 - "GET /api/jobs HTTP/1.1" 200 OK
frontend-1    | 192.168.0.140 - - [13/Jul/2026:13:59:16 +0000] "GET /api/jobs HTTP/1.1" 200 1066 "http://192.168.201.166:5000/jobs" "Mozilla/5.0 (Windows NT 10.0; Win64; x64) AppleWebKit/537.36 (KHTML, like Gecko) Chrome/150.0.0.0 Safari/537.36"
api-1         | INFO:     127.0.0.1:49948 - "GET /api/healthz HTTP/1.1" 200 OK
api-1         | INFO:     172.18.0.10:35992 - "GET /api/jobs HTTP/1.1" 200 OK
frontend-1    | 192.168.0.140 - - [13/Jul/2026:13:59:19 +0000] "GET /api/jobs HTTP/1.1" 200 1066 "http://192.168.201.166:5000/jobs" "Mozilla/5.0 (Windows NT 10.0; Win64; x64) AppleWebKit/537.36 (KHTML, like Gecko) Chrome/150.0.0.0 Safari/537.36"
api-1         | INFO:     172.18.0.10:35994 - "GET /api/jobs HTTP/1.1" 200 OK
frontend-1    | 192.168.0.140 - - [13/Jul/2026:13:59:22 +0000] "GET /api/jobs HTTP/1.1" 200 1066 "http://192.168.201.166:5000/jobs" "Mozilla/5.0 (Windows NT 10.0; Win64; x64) AppleWebKit/537.36 (KHTML, like Gecko) Chrome/150.0.0.0 Safari/537.36"
api-1         | INFO:     172.18.0.10:35998 - "GET /api/jobs HTTP/1.1" 200 OK
frontend-1    | 192.168.0.140 - - [13/Jul/2026:13:59:25 +0000] "GET /api/jobs HTTP/1.1" 200 1066 "http://192.168.201.166:5000/jobs" "Mozilla/5.0 (Windows NT 10.0; Win64; x64) AppleWebKit/537.36 (KHTML, like Gecko) Chrome/150.0.0.0 Safari/537.36"
api-1         | INFO:     127.0.0.1:41966 - "GET /api/healthz HTTP/1.1" 200 OK
api-1         | INFO:     172.18.0.10:45262 - "GET /api/jobs HTTP/1.1" 200 OK
frontend-1    | 192.168.0.140 - - [13/Jul/2026:13:59:28 +0000] "GET /api/jobs HTTP/1.1" 200 1066 "http://192.168.201.166:5000/jobs" "Mozilla/5.0 (Windows NT 10.0; Win64; x64) AppleWebKit/537.36 (KHTML, like Gecko) Chrome/150.0.0.0 Safari/537.36"